#status
  %s == :available

#available?
  %s == true

#registered?
  %s == false


#created_on
  %s %CLASS{time}
  %s %TIME{2000-07-17 00:00:00.000000000 +0000}

#updated_on
  %s %ERROR{AttributeNotSupported}

#expires_on
  %s %CLASS{time}
  %s %TIME{2000-07-17 00:00:00.000000000 +0000}


#nameservers
  %s %CLASS{array}
  %s == []
