#status
  %s == :registered

#available?
  %s == false

#registered?
  %s == true


#created_on
  %s %CLASS{time}
  %s %TIME{2000-07-17 00:00:00.000000000 +0000}

#updated_on
  %s %ERROR{AttributeNotSupported}

#expires_on
  %s %CLASS{time}
  %s %TIME{2000-07-17 00:00:00.000000000 +0000}


#nameservers
  %s %CLASS{array}
  %s %SIZE{4}
  %s[0] %CLASS{nameserver}
  %s[0].name == "ns1.google.com"
  %s[0].ipv4 == nil
  %s[0].ipv6 == nil
  %s[1] %CLASS{nameserver}
  %s[1].name == "ns2.google.com"
  %s[1].ipv4 == nil
  %s[1].ipv6 == nil
  %s[2] %CLASS{nameserver}
  %s[2].name == "ns3.google.com"
  %s[2].ipv4 == nil
  %s[2].ipv6 == nil
  %s[3] %CLASS{nameserver}
  %s[3].name == "ns4.google.com"
  %s[3].ipv4 == nil
  %s[3].ipv6 == nil
