#status
  %s == ["serverRenewProhibited https://afilias.com.au/get-au/whois-status-codes#serverRenewProhibited"]
