#status
  %s == :registered

#available?
  %s == false

#registered?
  %s == true

#admin_contacts[0].email
  %s == "mail@sanamato.com"
