#status
  %s == :available

#available?
  %s == true

#registered?
  %s == false
