#status
  %s == :available


#valid?
  %s == true

#invalid?
  %s == false
