#domain
  %s == "google.ge"

#domain_id
  %s %ERROR{AttributeNotSupported}

#status
  %s == :registered

#available?
  %s == false

#registered?
  %s == true

#created_on
  %s %CLASS{time}
  %s %TIME{2006-07-28}

#expires_on
  %s %CLASS{time}
  %s %TIME{2022-07-29}

#registrar
  %s %CLASS{registrar}
  %s.id           == nil
  %s.name         == "proservice ltd"
  %s.organization == nil
  %s.url          == nil

#registrant_contacts
  %s %CLASS{array}
  %s %SIZE{1}
  %s[0] %CLASS{contact}
  %s[0].type          == Whois::Parser::Contact::TYPE_REGISTRANT
  %s[0].id            == nil
  %s[0].name          == "Google LLC"
  %s[0].organization  == nil
  %s[0].address       == nil
  %s[0].city          == nil
  %s[0].zip           == nil
  %s[0].state         == nil
  %s[0].country       == nil
  %s[0].country_code  == nil
  %s[0].phone         == nil
  %s[0].fax           == nil
  %s[0].email         == nil
  %s[0].created_on    == nil
  %s[0].updated_on    == nil

#admin_contacts
  %s %CLASS{array}
  %s %SIZE{1}
  %s[0] %CLASS{contact}
  %s[0].type          == Whois::Parser::Contact::TYPE_ADMINISTRATIVE
  %s[0].id            == nil
  %s[0].name          == "Google LLC"
  %s[0].organization  == nil
  %s[0].address       == nil
  %s[0].city          == nil
  %s[0].zip           == nil
  %s[0].state         == nil
  %s[0].country       == nil
  %s[0].country_code  == nil
  %s[0].phone         == nil
  %s[0].fax           == nil
  %s[0].email         == "dns-admin@google.com"
  %s[0].created_on    == nil
  %s[0].updated_on    == nil

#technical_contacts
  %s %CLASS{array}
  %s %SIZE{1}
  %s[0] %CLASS{contact}
  %s[0].type          == Whois::Parser::Contact::TYPE_TECHNICAL
  %s[0].id            == nil
  %s[0].name          == "Google LLC"
  %s[0].organization  == nil
  %s[0].address       == nil
  %s[0].city          == nil
  %s[0].zip           == nil
  %s[0].state         == nil
  %s[0].country       == nil
  %s[0].country_code  == nil
  %s[0].phone         == nil
  %s[0].fax           == nil
  %s[0].email         == "dns-admin@google.com"
  %s[0].created_on    == nil
  %s[0].updated_on    == nil


#nameservers
  %s %CLASS{array}
  %s %SIZE{4}
  %s[0] %CLASS{nameserver}
  %s[0].name == "ns1.google.com"
  %s[1] %CLASS{nameserver}
  %s[1].name == "ns2.google.com"
  %s[2] %CLASS{nameserver}
  %s[2].name == "ns3.google.com"
  %s[3] %CLASS{nameserver}
  %s[3].name == "ns4.google.com"