#domain
  %s == "google.dev"

#domain_id
  %s == "2CF25B78E-DEV"

#status
  %s == :registered

#available?
  %s == false

#registered?
  %s == true


#created_on
  %s %CLASS{time}
  %s %TIME{2018-06-13T22:30:20Z}

#updated_on
  %s %CLASS{time}
  %s %TIME{2019-06-13T22:30:20Z}

#expires_on
  %s %CLASS{time}
  %s %TIME{2020-06-13T22:30:20Z}

#registrar
  %s %CLASS{registrar}
  %s.id           == "9998"
  %s.name         == "Charleston Road Registry Billable"

#registrant_contacts
  %s %CLASS{array}
  %s %SIZE{1}
  %s[0] %CLASS{contact}
  %s[0].organization  == "Charleston Road Registry, Inc."
  %s[0].state         == "CA"
  %s[0].country_code  == "US"

#nameservers
  %s %CLASS{array}
  %s %SIZE{4}
  %s[0] %CLASS{nameserver}
  %s[0].name == "ns1.googledomains.com"
  %s[1] %CLASS{nameserver}
  %s[1].name == "ns2.googledomains.com"
  %s[2] %CLASS{nameserver}
  %s[2].name == "ns3.googledomains.com"
  %s[3] %CLASS{nameserver}
  %s[3].name == "ns4.googledomains.com"
